// Jest Snapshot v1, https://goo.gl/fbAQLP

exports[`renders correctly Home screen 1`] = `
<View
  style={
    {
      "flex": 1,
    }
  }
>
  <BVLinearGradient
    colors={
      [
        4283866105,
        4289848060,
      ]
    }
    endPoint={
      {
        "x": 0.5,
        "y": 1,
      }
    }
    locations={null}
    startPoint={
      {
        "x": 0.5,
        "y": 0,
      }
    }
    style={
      {
        "alignItems": "center",
        "flex": 1,
        "justifyContent": "center",
      }
    }
  >
    <View
      style={
        {
          "height": 50,
        }
      }
    />
  </BVLinearGradient>
</View>
`;
